Copyright 1986-2016 Xilinx, Inc. All Rights Reserved.
-------------------------------------------------------------------------------------------------------------
| Tool Version : Vivado v.2016.4 (lin64) Build 1733598 Wed Dec 14 22:35:42 MST 2016
| Date         : Sat Jan 21 19:05:27 2017
| Host         : natu-OMEN-by-HP-Laptop running 64-bit Ubuntu 16.04.1 LTS
| Command      : report_utilization -file npu8_top_utilization_placed.rpt -pb npu8_top_utilization_placed.pb
| Design       : npu8_top
| Device       : xcku035fbva676-3
| Design State : Fully Placed
-------------------------------------------------------------------------------------------------------------

Utilization Design Information

Table of Contents
-----------------
1. CLB Logic
1.1 Summary of Registers by Type
2. CLB Logic Distribution
3. BLOCKRAM
4. ARITHMETIC
5. I/O
6. CLOCK
7. ADVANCED
8. CONFIGURATION
9. Primitives
10. Black Boxes
11. Instantiated Netlists

1. CLB Logic
------------

+----------------------------+------+-------+-----------+-------+
|          Site Type         | Used | Fixed | Available | Util% |
+----------------------------+------+-------+-----------+-------+
| CLB LUTs                   | 1079 |     0 |    203128 |  0.53 |
|   LUT as Logic             |  590 |     0 |    203128 |  0.29 |
|   LUT as Memory            |  489 |     0 |    112800 |  0.43 |
|     LUT as Distributed RAM |  480 |     0 |           |       |
|     LUT as Shift Register  |    9 |     0 |           |       |
| CLB Registers              |  508 |     0 |    406256 |  0.13 |
|   Register as Flip Flop    |  508 |     0 |    406256 |  0.13 |
|   Register as Latch        |    0 |     0 |    406256 |  0.00 |
| CARRY8                     |   56 |     0 |     30300 |  0.18 |
| F7 Muxes                   |   48 |     0 |    121200 |  0.04 |
| F8 Muxes                   |   24 |     0 |     60600 |  0.04 |
| F9 Muxes                   |    0 |     0 |     30300 |  0.00 |
+----------------------------+------+-------+-----------+-------+


1.1 Summary of Registers by Type
--------------------------------

+-------+--------------+-------------+--------------+
| Total | Clock Enable | Synchronous | Asynchronous |
+-------+--------------+-------------+--------------+
| 0     |            _ |           - |            - |
| 0     |            _ |           - |          Set |
| 0     |            _ |           - |        Reset |
| 0     |            _ |         Set |            - |
| 0     |            _ |       Reset |            - |
| 0     |          Yes |           - |            - |
| 0     |          Yes |           - |          Set |
| 179   |          Yes |           - |        Reset |
| 0     |          Yes |         Set |            - |
| 329   |          Yes |       Reset |            - |
+-------+--------------+-------------+--------------+


2. CLB Logic Distribution
-------------------------

+-------------------------------------------+------+-------+-----------+-------+
|                 Site Type                 | Used | Fixed | Available | Util% |
+-------------------------------------------+------+-------+-----------+-------+
| CLB                                       |  212 |     0 |     30300 |  0.70 |
|   CLBL                                    |   68 |     0 |           |       |
|   CLBM                                    |  144 |     0 |           |       |
| LUT as Logic                              |  590 |     0 |    203128 |  0.29 |
|   using O5 output only                    |    8 |       |           |       |
|   using O6 output only                    |  347 |       |           |       |
|   using O5 and O6                         |  235 |       |           |       |
| LUT as Memory                             |  489 |     0 |    112800 |  0.43 |
|   LUT as Distributed RAM                  |  480 |     0 |           |       |
|     using O5 output only                  |    0 |       |           |       |
|     using O6 output only                  |  480 |       |           |       |
|     using O5 and O6                       |    0 |       |           |       |
|   LUT as Shift Register                   |    9 |     0 |           |       |
|     using O5 output only                  |    0 |       |           |       |
|     using O6 output only                  |    9 |       |           |       |
|     using O5 and O6                       |    0 |       |           |       |
| LUT Flip Flop Pairs                       |  377 |     0 |    203128 |  0.19 |
|   fully used LUT-FF pairs                 |   25 |       |           |       |
|   LUT-FF pairs with one unused LUT output |  165 |       |           |       |
|   LUT-FF pairs with one unused Flip Flop  |  348 |       |           |       |
| Unique Control Sets                       |   61 |       |           |       |
+-------------------------------------------+------+-------+-----------+-------+
* Note: Review the Control Sets Report for more information regarding control sets.


3. BLOCKRAM
-----------

+----------------+------+-------+-----------+-------+
|    Site Type   | Used | Fixed | Available | Util% |
+----------------+------+-------+-----------+-------+
| Block RAM Tile |    0 |     0 |       540 |  0.00 |
|   RAMB36/FIFO* |    0 |     0 |       540 |  0.00 |
|   RAMB18       |    0 |     0 |      1080 |  0.00 |
+----------------+------+-------+-----------+-------+
* Note: Each Block RAM Tile only has one FIFO logic available and therefore can accommodate only one FIFO36E2 or one FIFO18E2. However, if a FIFO18E2 occupies a Block RAM Tile, that tile can still accommodate a RAMB18E2


4. ARITHMETIC
-------------

+-----------+------+-------+-----------+-------+
| Site Type | Used | Fixed | Available | Util% |
+-----------+------+-------+-----------+-------+
| DSPs      |    0 |     0 |      1700 |  0.00 |
+-----------+------+-------+-----------+-------+


5. I/O
------

+------------------+------+-------+-----------+-------+
|     Site Type    | Used | Fixed | Available | Util% |
+------------------+------+-------+-----------+-------+
| Bonded IOB       |   61 |     0 |       312 | 19.55 |
| HPIOB            |    0 |     0 |       208 |  0.00 |
| HRIO             |   61 |     0 |       104 | 58.65 |
|   INPUT          |   28 |       |           |       |
|   OUTPUT         |   33 |       |           |       |
|   BIDIR          |    0 |       |           |       |
| HPIOBDIFFINBUF   |    0 |     0 |       192 |  0.00 |
| HPIOBDIFFOUTBUF  |    0 |     0 |       192 |  0.00 |
| HRIODIFFINBUF    |    0 |     0 |        48 |  0.00 |
| HRIODIFFOUTBUF   |    0 |     0 |        48 |  0.00 |
| BITSLICE_CONTROL |    0 |     0 |        80 |  0.00 |
| BITSLICE_RX_TX   |    0 |     0 |       520 |  0.00 |
| BITSLICE_TX      |    0 |     0 |        80 |  0.00 |
| RIU_OR           |    0 |     0 |        40 |  0.00 |
+------------------+------+-------+-----------+-------+


6. CLOCK
--------

+----------------------+------+-------+-----------+-------+
|       Site Type      | Used | Fixed | Available | Util% |
+----------------------+------+-------+-----------+-------+
| GLOBAL CLOCK BUFFERs |    1 |     0 |       480 |  0.21 |
|   BUFGCE             |    1 |     0 |       240 |  0.42 |
|   BUFGCE_DIV         |    0 |     0 |        40 |  0.00 |
|   BUFG_GT            |    0 |     0 |       120 |  0.00 |
|   BUFGCTRL*          |    0 |     0 |        80 |  0.00 |
| PLLE3_ADV            |    0 |     0 |        20 |  0.00 |
| MMCME3_ADV           |    0 |     0 |        10 |  0.00 |
+----------------------+------+-------+-----------+-------+
* Note: Each used BUFGCTRL counts as two global buffer resources. This table does not include global clocking resources, only buffer cell usage. See the Clock Utilization Report (report_clock_utilization) for detailed accounting of global clocking resource availability.


7. ADVANCED
-----------

+-----------------+------+-------+-----------+-------+
|    Site Type    | Used | Fixed | Available | Util% |
+-----------------+------+-------+-----------+-------+
| GTHE3_CHANNEL   |    0 |     0 |        16 |  0.00 |
| GTHE3_COMMON    |    0 |     0 |         4 |  0.00 |
| IBUFDS_GTE3     |    0 |     0 |         8 |  0.00 |
| OBUFDS_GTE3     |    0 |     0 |         8 |  0.00 |
| OBUFDS_GTE3_ADV |    0 |     0 |         8 |  0.00 |
| PCIE_3_1        |    0 |     0 |         2 |  0.00 |
| SYSMONE1        |    0 |     0 |         1 |  0.00 |
+-----------------+------+-------+-----------+-------+


8. CONFIGURATION
----------------

+-------------+------+-------+-----------+-------+
|  Site Type  | Used | Fixed | Available | Util% |
+-------------+------+-------+-----------+-------+
| BSCANE2     |    0 |     0 |         4 |  0.00 |
| DNA_PORTE2  |    0 |     0 |         1 |  0.00 |
| EFUSE_USR   |    0 |     0 |         1 |  0.00 |
| FRAME_ECCE3 |    0 |     0 |         1 |  0.00 |
| ICAPE3      |    0 |     0 |         2 |  0.00 |
| STARTUPE3   |    0 |     0 |         1 |  0.00 |
+-------------+------+-------+-----------+-------+


9. Primitives
-------------

+----------+------+---------------------+
| Ref Name | Used | Functional Category |
+----------+------+---------------------+
| RAMD64E  |  480 |                 CLB |
| LUT2     |  399 |                 CLB |
| FDRE     |  329 |            Register |
| LUT4     |  195 |                 CLB |
| FDCE     |  179 |            Register |
| LUT6     |  122 |                 CLB |
| LUT5     |   73 |                 CLB |
| CARRY8   |   56 |                 CLB |
| MUXF7    |   48 |                 CLB |
| OBUF     |   33 |                 I/O |
| LUT3     |   30 |                 CLB |
| INBUF    |   28 |                 I/O |
| IBUFCTRL |   28 |              Others |
| MUXF8    |   24 |                 CLB |
| SRL16E   |    9 |                 CLB |
| LUT1     |    6 |                 CLB |
| BUFGCE   |    1 |               Clock |
+----------+------+---------------------+


10. Black Boxes
---------------

+----------+------+
| Ref Name | Used |
+----------+------+


11. Instantiated Netlists
-------------------------

+----------+------+
| Ref Name | Used |
+----------+------+
| mul8_16  |    1 |
| mul17_16 |    1 |
+----------+------+


